=== RUN   TestNew_InvalidMaxAttempts
--- PASS: TestNew_InvalidMaxAttempts (0.00s)
=== RUN   TestNew_InvalidBaseDelay
--- PASS: TestNew_InvalidBaseDelay (0.00s)
=== RUN   TestNew_NilSleeperDefaults
--- PASS: TestNew_NilSleeperDefaults (0.00s)
=== RUN   TestDo_SuccessFirstAttempt
--- PASS: TestDo_SuccessFirstAttempt (0.00s)
=== RUN   TestDo_NonRetryableError
--- PASS: TestDo_NonRetryableError (0.00s)
=== RUN   TestDo_RetryableThenSuccess
--- PASS: TestDo_RetryableThenSuccess (0.00s)
=== RUN   TestDo_AllRetriesFail
--- PASS: TestDo_AllRetriesFail (0.00s)
=== RUN   TestDo_RetryAfterHonored
--- PASS: TestDo_RetryAfterHonored (0.00s)
=== RUN   TestDo_ExponentialBackoff
--- PASS: TestDo_ExponentialBackoff (0.00s)
=== RUN   TestDo_SleeperError
--- PASS: TestDo_SleeperError (0.00s)
=== RUN   TestDo_ContextCancelled
--- PASS: TestDo_ContextCancelled (0.00s)
=== RUN   TestDo_WrappedTransientError
--- PASS: TestDo_WrappedTransientError (0.00s)
=== RUN   TestTransientError_Error
--- PASS: TestTransientError_Error (0.00s)
=== RUN   TestTransientError_Unwrap
--- PASS: TestTransientError_Unwrap (0.00s)
=== RUN   TestDo_MaxAttemptsOne
--- PASS: TestDo_MaxAttemptsOne (0.00s)
=== RUN   TestDo_BaseDelayZero
--- PASS: TestDo_BaseDelayZero (0.00s)
=== RUN   TestDo_NonRetryableMatchesOriginal
--- PASS: TestDo_NonRetryableMatchesOriginal (0.00s)
=== RUN   TestDo_LastErrorMatchesWhenAllFail
--- PASS: TestDo_LastErrorMatchesWhenAllFail (0.00s)
PASS
ok  	example.helios/retry	0.203s
