=== RUN   TestNewValidation
=== RUN   TestNewValidation/valid_minimal
=== RUN   TestNewValidation/valid_normal
=== RUN   TestNewValidation/zero_attempts
=== RUN   TestNewValidation/negative_attempts
=== RUN   TestNewValidation/negative_delay
--- PASS: TestNewValidation (0.00s)
    --- PASS: TestNewValidation/valid_minimal (0.00s)
    --- PASS: TestNewValidation/valid_normal (0.00s)
    --- PASS: TestNewValidation/zero_attempts (0.00s)
    --- PASS: TestNewValidation/negative_attempts (0.00s)
    --- PASS: TestNewValidation/negative_delay (0.00s)
=== RUN   TestNewDefaultSleeper
--- PASS: TestNewDefaultSleeper (0.00s)
=== RUN   TestDoImmediateSuccess
--- PASS: TestDoImmediateSuccess (0.00s)
=== RUN   TestDoNonRetryable
--- PASS: TestDoNonRetryable (0.00s)
=== RUN   TestDoRetryThenSuccess
--- PASS: TestDoRetryThenSuccess (0.00s)
=== RUN   TestDoAllFail
--- PASS: TestDoAllFail (0.00s)
=== RUN   TestDoNonRetryableEndsImmediately
--- PASS: TestDoNonRetryableEndsImmediately (0.00s)
=== RUN   TestDoBackoffDelays
--- PASS: TestDoBackoffDelays (0.00s)
=== RUN   TestDoRetryAfter
--- PASS: TestDoRetryAfter (0.00s)
=== RUN   TestDoSleeperError
--- PASS: TestDoSleeperError (0.00s)
=== RUN   TestDoContextCancelled
--- PASS: TestDoContextCancelled (0.00s)
=== RUN   TestDoContextCancelledDuringSleep
--- PASS: TestDoContextCancelledDuringSleep (0.00s)
=== RUN   TestDoTransientErrorWrapped
--- PASS: TestDoTransientErrorWrapped (0.00s)
=== RUN   TestDoSingleAttempt
--- PASS: TestDoSingleAttempt (0.00s)
=== RUN   TestDoReturnsOriginalErrorDirectly
--- PASS: TestDoReturnsOriginalErrorDirectly (0.00s)
=== RUN   TestDoReturnsLastTransientError
--- PASS: TestDoReturnsLastTransientError (0.00s)
PASS
ok  	example.helios/retry	0.246s
