=== RUN   TestNewRing_ZeroCapacity
--- PASS: TestNewRing_ZeroCapacity (0.00s)
=== RUN   TestNewRing_NegativeCapacity
--- PASS: TestNewRing_NegativeCapacity (0.00s)
=== RUN   TestNewRing_Valid
--- PASS: TestNewRing_Valid (0.00s)
=== RUN   TestRing_Records_Empty
--- PASS: TestRing_Records_Empty (0.00s)
=== RUN   TestRing_StoreAndRetrieve
--- PASS: TestRing_StoreAndRetrieve (0.00s)
=== RUN   TestRing_EvictOldest
    logfan_test.go:98: expected message "keep1", got "keep2"
--- FAIL: TestRing_EvictOldest (0.00s)
=== RUN   TestRing_RecordsAreCopies
--- PASS: TestRing_RecordsAreCopies (0.00s)
=== RUN   TestRing_HandlerEnabled
--- PASS: TestRing_HandlerEnabled (0.00s)
=== RUN   TestRing_RecordsWithAttrs
--- PASS: TestRing_RecordsWithAttrs (0.00s)
=== RUN   TestRing_WithGroup
    logfan_test.go:198: expected group attr 'g' on stored record
--- FAIL: TestRing_WithGroup (0.00s)
=== RUN   TestRing_ConcurrentSafety
--- PASS: TestRing_ConcurrentSafety (0.00s)
=== RUN   TestNew_NoHandlers
--- PASS: TestNew_NoHandlers (0.00s)
=== RUN   TestNew_SingleHandler
--- PASS: TestNew_SingleHandler (0.00s)
=== RUN   TestNew_MultipleHandlers
--- PASS: TestNew_MultipleHandlers (0.00s)
=== RUN   TestNew_WithAttrs
--- PASS: TestNew_WithAttrs (0.00s)
=== RUN   TestRingHandle_WithAttrsThenWithGroup
--- PASS: TestRingHandle_WithAttrsThenWithGroup (0.00s)
=== RUN   TestRingHandle_WithGroupThenWithAttrs
    logfan_test.go:386: expected group attr 'g' wrapping 'k'/'v'
--- FAIL: TestRingHandle_WithGroupThenWithAttrs (0.00s)
FAIL
FAIL	example.helios/logfan	0.210s
FAIL
