=== RUN   TestLoadDefaults
--- PASS: TestLoadDefaults (0.00s)
=== RUN   TestLoadPort
=== RUN   TestLoadPort/valid
=== RUN   TestLoadPort/boundary_low
=== RUN   TestLoadPort/boundary_high
=== RUN   TestLoadPort/negative
=== RUN   TestLoadPort/zero
=== RUN   TestLoadPort/too_high
=== RUN   TestLoadPort/not_a_number
=== RUN   TestLoadPort/empty
--- PASS: TestLoadPort (0.00s)
    --- PASS: TestLoadPort/valid (0.00s)
    --- PASS: TestLoadPort/boundary_low (0.00s)
    --- PASS: TestLoadPort/boundary_high (0.00s)
    --- PASS: TestLoadPort/negative (0.00s)
    --- PASS: TestLoadPort/zero (0.00s)
    --- PASS: TestLoadPort/too_high (0.00s)
    --- PASS: TestLoadPort/not_a_number (0.00s)
    --- PASS: TestLoadPort/empty (0.00s)
=== RUN   TestLoadPortNumError
--- PASS: TestLoadPortNumError (0.00s)
=== RUN   TestLoadPortRangeError
--- PASS: TestLoadPortRangeError (0.00s)
=== RUN   TestLoadName
=== RUN   TestLoadName/valid
=== RUN   TestLoadName/empty
--- PASS: TestLoadName (0.00s)
    --- PASS: TestLoadName/valid (0.00s)
    --- PASS: TestLoadName/empty (0.00s)
=== RUN   TestLoadNameErrSyntax
--- PASS: TestLoadNameErrSyntax (0.00s)
=== RUN   TestLoadDebug
=== RUN   TestLoadDebug/true
=== RUN   TestLoadDebug/false
=== RUN   TestLoadDebug/1
=== RUN   TestLoadDebug/0
=== RUN   TestLoadDebug/T
=== RUN   TestLoadDebug/F
=== RUN   TestLoadDebug/bad
=== RUN   TestLoadDebug/empty
--- PASS: TestLoadDebug (0.00s)
    --- PASS: TestLoadDebug/true (0.00s)
    --- PASS: TestLoadDebug/false (0.00s)
    --- PASS: TestLoadDebug/1 (0.00s)
    --- PASS: TestLoadDebug/0 (0.00s)
    --- PASS: TestLoadDebug/T (0.00s)
    --- PASS: TestLoadDebug/F (0.00s)
    --- PASS: TestLoadDebug/bad (0.00s)
    --- PASS: TestLoadDebug/empty (0.00s)
=== RUN   TestLoadCombined
--- PASS: TestLoadCombined (0.00s)
=== RUN   TestLoadSourceNotCalledForMissingKeys
--- PASS: TestLoadSourceNotCalledForMissingKeys (0.00s)
PASS
ok  	example.helios/configuration	0.247s
?   	example.helios/configuration/cmd/configprint	[no test files]
