=== RUN   TestProcess_EmptyInputs
=== PAUSE TestProcess_EmptyInputs
=== RUN   TestProcess_InvalidConcurrency
=== PAUSE TestProcess_InvalidConcurrency
=== RUN   TestProcess_Success
=== PAUSE TestProcess_Success
=== RUN   TestProcess_ResultsOrderedByIndex
=== PAUSE TestProcess_ResultsOrderedByIndex
=== RUN   TestProcess_PartialFailures
=== PAUSE TestProcess_PartialFailures
=== RUN   TestProcess_AllFailures
=== PAUSE TestProcess_AllFailures
=== RUN   TestProcess_ContextCancellation
=== PAUSE TestProcess_ContextCancellation
=== RUN   TestProcess_ConcurrencyLimit
=== PAUSE TestProcess_ConcurrencyLimit
=== CONT  TestProcess_EmptyInputs
--- PASS: TestProcess_EmptyInputs (0.00s)
=== CONT  TestProcess_ConcurrencyLimit
=== CONT  TestProcess_PartialFailures
=== CONT  TestProcess_InvalidConcurrency
--- PASS: TestProcess_InvalidConcurrency (0.00s)
=== CONT  TestProcess_ResultsOrderedByIndex
=== CONT  TestProcess_ContextCancellation
=== CONT  TestProcess_Success
=== NAME  TestProcess_PartialFailures
    fetchall_test.go:139: errors.AsType: got "fail1", want "fail2"
--- PASS: TestProcess_ContextCancellation (0.00s)
--- FAIL: TestProcess_PartialFailures (0.00s)
--- PASS: TestProcess_Success (0.00s)
=== CONT  TestProcess_AllFailures
--- PASS: TestProcess_AllFailures (0.00s)
--- PASS: TestProcess_ConcurrencyLimit (0.04s)
--- PASS: TestProcess_ResultsOrderedByIndex (0.05s)
FAIL
FAIL	example.helios/fetchall	0.448s
FAIL
