=== RUN   TestNewRing_InvalidCapacity
--- PASS: TestNewRing_InvalidCapacity (0.00s)
=== RUN   TestNewRing_Ok
--- PASS: TestNewRing_Ok (0.00s)
=== RUN   TestRing_StoreSingle
--- PASS: TestRing_StoreSingle (0.00s)
=== RUN   TestRing_OldestFirst
--- PASS: TestRing_OldestFirst (0.00s)
=== RUN   TestRing_EvictsOldest
--- PASS: TestRing_EvictsOldest (0.00s)
=== RUN   TestRing_EvictWraparound
--- PASS: TestRing_EvictWraparound (0.00s)
=== RUN   TestRing_RecordsCopy
--- PASS: TestRing_RecordsCopy (0.00s)
=== RUN   TestRing_ConcurrentSafe
--- PASS: TestRing_ConcurrentSafe (0.00s)
=== RUN   TestRing_Enabled
--- PASS: TestRing_Enabled (0.00s)
=== RUN   TestRing_WithAttrs
--- PASS: TestRing_WithAttrs (0.00s)
=== RUN   TestRing_WithGroup
--- PASS: TestRing_WithGroup (0.00s)
=== RUN   TestRing_LoggerIntegration
--- PASS: TestRing_LoggerIntegration (0.00s)
=== RUN   TestRing_LoggerWithAttrs
--- PASS: TestRing_LoggerWithAttrs (0.00s)
=== RUN   TestNew_NoHandlers
--- PASS: TestNew_NoHandlers (0.00s)
=== RUN   TestNew_FanOut
--- PASS: TestNew_FanOut (0.00s)
=== RUN   TestNew_FanOutWithHandlerAttrs
--- PASS: TestNew_FanOutWithHandlerAttrs (0.00s)
=== RUN   TestMultiHandler_Enabled
--- PASS: TestMultiHandler_Enabled (0.00s)
=== RUN   TestRing_ExactCapacity
--- PASS: TestRing_ExactCapacity (0.00s)
=== RUN   TestRing_Levels
--- PASS: TestRing_Levels (0.00s)
=== RUN   TestRing_Timestamps
--- PASS: TestRing_Timestamps (0.00s)
PASS
ok  	example.helios/logfan	0.219s
