=== RUN   TestNew
=== RUN   TestNew/zero_capacity
=== RUN   TestNew/negative_capacity
=== RUN   TestNew/valid_capacity
--- PASS: TestNew (0.00s)
    --- PASS: TestNew/zero_capacity (0.00s)
    --- PASS: TestNew/negative_capacity (0.00s)
    --- PASS: TestNew/valid_capacity (0.00s)
=== RUN   TestPutAndGet
--- PASS: TestPutAndGet (0.00s)
=== RUN   TestGetMiss
--- PASS: TestGetMiss (0.00s)
=== RUN   TestPutUpdatesExisting
--- PASS: TestPutUpdatesExisting (0.00s)
=== RUN   TestPutUpdatesExistingMarksMRU
--- PASS: TestPutUpdatesExistingMarksMRU (0.00s)
=== RUN   TestGetMarksMRU
--- PASS: TestGetMarksMRU (0.00s)
=== RUN   TestEviction
--- PASS: TestEviction (0.00s)
=== RUN   TestLen
--- PASS: TestLen (0.00s)
=== RUN   TestConcurrency
panic: test timed out after 30s
	running tests:
		TestConcurrency (30s)

goroutine 3 [running]:
testing.(*M).startAlarm.func1()
	/opt/homebrew/Cellar/go/1.26.4/libexec/src/testing/testing.go:2802 +0x2cc
created by time.goFunc
	/opt/homebrew/Cellar/go/1.26.4/libexec/src/time/sleep.go:215 +0x38

goroutine 1 [chan receive]:
testing.(*T).Run(0x571e98666008, {0x100693e22?, 0x361be9d80064b970?}, 0x1007ecbe8)
	/opt/homebrew/Cellar/go/1.26.4/libexec/src/testing/testing.go:2109 +0x3bc
testing.runTests.func1(0x571e98666008)
	/opt/homebrew/Cellar/go/1.26.4/libexec/src/testing/testing.go:2585 +0x40
testing.tRunner(0x571e98666008, 0x571e98616c48)
	/opt/homebrew/Cellar/go/1.26.4/libexec/src/testing/testing.go:2036 +0xc4
testing.runTests({0x1006956d8, 0x14}, {0x1006956d8, 0x14}, 0x571e9862a018, {0x100812140, 0x9, 0x9}, {0x803d253332346137?, 0x100693e4f?, ...})
	/opt/homebrew/Cellar/go/1.26.4/libexec/src/testing/testing.go:2583 +0x3f0
testing.(*M).Run(0x571e9861a140)
	/opt/homebrew/Cellar/go/1.26.4/libexec/src/testing/testing.go:2443 +0x578
main.main()
	_testmain.go:66 +0x80

goroutine 46 [sync.WaitGroup.Wait]:
sync.runtime_SemacquireWaitGroup(0x571e9860e230?, 0x1?)
	/opt/homebrew/Cellar/go/1.26.4/libexec/src/runtime/sema.go:114 +0x38
sync.(*WaitGroup).Wait(0x571e9860e230)
	/opt/homebrew/Cellar/go/1.26.4/libexec/src/sync/waitgroup.go:206 +0xa8
example.helios/cache.TestConcurrency(0x571e98667b08?)
	/Users/mateo/helios/poc/knowledge/results/runs/hybrid/t6-cache/seed3/workspace/cache_test.go:241 +0x130
testing.tRunner(0x571e98667b08, 0x1007ecbe8)
	/opt/homebrew/Cellar/go/1.26.4/libexec/src/testing/testing.go:2036 +0xc4
created by testing.(*T).Run in goroutine 1
	/opt/homebrew/Cellar/go/1.26.4/libexec/src/testing/testing.go:2101 +0x3a8
FAIL	example.helios/cache	30.252s
FAIL
