=== RUN   TestNew_InvalidCapacity
--- PASS: TestNew_InvalidCapacity (0.00s)
=== RUN   TestNew_InvalidRefillRate
--- PASS: TestNew_InvalidRefillRate (0.00s)
=== RUN   TestNew_NilClockDefaultsToSystem
--- PASS: TestNew_NilClockDefaultsToSystem (0.00s)
=== RUN   TestAllow_ZeroTokens
--- PASS: TestAllow_ZeroTokens (0.00s)
=== RUN   TestAllow_NegativeTokens
--- PASS: TestAllow_NegativeTokens (0.00s)
=== RUN   TestAllow_CancelledContext
--- PASS: TestAllow_CancelledContext (0.00s)
=== RUN   TestAllow_DeadlineExceededContext
--- PASS: TestAllow_DeadlineExceededContext (0.00s)
=== RUN   TestAllow_ContextNotCancelled
--- PASS: TestAllow_ContextNotCancelled (0.00s)
=== RUN   TestAllow_Consumption
--- PASS: TestAllow_Consumption (0.00s)
=== RUN   TestAllow_PartialConsumptionDenied
--- PASS: TestAllow_PartialConsumptionDenied (0.00s)
=== RUN   TestAllow_RefillOverTime
--- PASS: TestAllow_RefillOverTime (0.00s)
=== RUN   TestAllow_RefillCappedAtCapacity
--- PASS: TestAllow_RefillCappedAtCapacity (0.00s)
=== RUN   TestAllow_ZeroRefillRate
--- PASS: TestAllow_ZeroRefillRate (0.00s)
=== RUN   TestAllow_FractionalRefill
--- PASS: TestAllow_FractionalRefill (0.00s)
=== RUN   TestAllow_MultipleCallsRefillCorrectly
--- PASS: TestAllow_MultipleCallsRefillCorrectly (0.00s)
=== RUN   TestAllow_ConcurrentSafety
--- PASS: TestAllow_ConcurrentSafety (0.00s)
=== RUN   TestAllow_RaceDetection
--- PASS: TestAllow_RaceDetection (0.00s)
=== RUN   TestNew_Parallel
--- PASS: TestNew_Parallel (0.00s)
=== RUN   TestBucketStartsFull
--- PASS: TestBucketStartsFull (0.00s)
=== RUN   TestAllow_BulkConsumption
--- PASS: TestAllow_BulkConsumption (0.00s)
PASS
ok  	example.helios/ratelimiter	1.248s
