=== RUN   TestNew_RejectsInvalidConfig
=== PAUSE TestNew_RejectsInvalidConfig
=== RUN   TestNew_AcceptsValidConfig
=== PAUSE TestNew_AcceptsValidConfig
=== RUN   TestNew_NilSleeperDefaultsToReal
=== PAUSE TestNew_NilSleeperDefaultsToReal
=== RUN   TestDo_ImmediateSuccess
=== PAUSE TestDo_ImmediateSuccess
=== RUN   TestDo_NonRetryableError
=== PAUSE TestDo_NonRetryableError
=== RUN   TestDo_RetryableSuccessOnSecondAttempt
=== PAUSE TestDo_RetryableSuccessOnSecondAttempt
=== RUN   TestDo_RetryableExhaustion
=== PAUSE TestDo_RetryableExhaustion
=== RUN   TestDo_ExponentialBackoff
=== PAUSE TestDo_ExponentialBackoff
=== RUN   TestDo_RetryAfterOverridesBackoff
=== PAUSE TestDo_RetryAfterOverridesBackoff
=== RUN   TestDo_RetryAfterZeroUsesBackoff
=== PAUSE TestDo_RetryAfterZeroUsesBackoff
=== RUN   TestDo_SleeperErrorStops
=== PAUSE TestDo_SleeperErrorStops
=== RUN   TestDo_ContextCancellationDuringSleeper
=== PAUSE TestDo_ContextCancellationDuringSleeper
=== RUN   TestDo_SingleAttemptNoSleep
=== PAUSE TestDo_SingleAttemptNoSleep
=== RUN   TestDo_TransientErrorWrappedAtDepth
=== PAUSE TestDo_TransientErrorWrappedAtDepth
=== RUN   TestDo_ReturnsLastErrorMatchesIs
=== PAUSE TestDo_ReturnsLastErrorMatchesIs
=== RUN   TestDo_NonRetryableReturnsOriginalMatchesIs
=== PAUSE TestDo_NonRetryableReturnsOriginalMatchesIs
=== CONT  TestNew_RejectsInvalidConfig
=== RUN   TestNew_RejectsInvalidConfig/MaxAttempts_<_1
=== PAUSE TestNew_RejectsInvalidConfig/MaxAttempts_<_1
=== RUN   TestNew_RejectsInvalidConfig/MaxAttempts_==_0
=== PAUSE TestNew_RejectsInvalidConfig/MaxAttempts_==_0
=== RUN   TestNew_RejectsInvalidConfig/MaxAttempts_negative
=== PAUSE TestNew_RejectsInvalidConfig/MaxAttempts_negative
=== RUN   TestNew_RejectsInvalidConfig/BaseDelay_<_0
=== PAUSE TestNew_RejectsInvalidConfig/BaseDelay_<_0
=== CONT  TestNew_RejectsInvalidConfig/MaxAttempts_<_1
=== CONT  TestDo_NonRetryableReturnsOriginalMatchesIs
--- PASS: TestDo_NonRetryableReturnsOriginalMatchesIs (0.00s)
=== CONT  TestDo_ReturnsLastErrorMatchesIs
--- PASS: TestDo_ReturnsLastErrorMatchesIs (0.00s)
=== CONT  TestDo_TransientErrorWrappedAtDepth
--- PASS: TestDo_TransientErrorWrappedAtDepth (0.00s)
=== CONT  TestDo_SingleAttemptNoSleep
--- PASS: TestDo_SingleAttemptNoSleep (0.00s)
=== CONT  TestDo_ContextCancellationDuringSleeper
=== CONT  TestDo_SleeperErrorStops
--- PASS: TestDo_SleeperErrorStops (0.00s)
=== CONT  TestDo_RetryAfterZeroUsesBackoff
--- PASS: TestDo_RetryAfterZeroUsesBackoff (0.00s)
=== CONT  TestDo_RetryAfterOverridesBackoff
--- PASS: TestDo_RetryAfterOverridesBackoff (0.00s)
=== CONT  TestDo_ExponentialBackoff
--- PASS: TestDo_ExponentialBackoff (0.00s)
=== CONT  TestDo_RetryableExhaustion
--- PASS: TestDo_RetryableExhaustion (0.00s)
=== CONT  TestDo_RetryableSuccessOnSecondAttempt
--- PASS: TestDo_RetryableSuccessOnSecondAttempt (0.00s)
=== CONT  TestDo_NonRetryableError
--- PASS: TestDo_NonRetryableError (0.00s)
=== CONT  TestDo_ImmediateSuccess
--- PASS: TestDo_ImmediateSuccess (0.00s)
=== CONT  TestNew_NilSleeperDefaultsToReal
--- PASS: TestNew_NilSleeperDefaultsToReal (0.00s)
=== CONT  TestNew_AcceptsValidConfig
=== RUN   TestNew_AcceptsValidConfig/minimal
=== PAUSE TestNew_AcceptsValidConfig/minimal
=== RUN   TestNew_AcceptsValidConfig/normal
=== PAUSE TestNew_AcceptsValidConfig/normal
=== RUN   TestNew_AcceptsValidConfig/zero_delay
=== PAUSE TestNew_AcceptsValidConfig/zero_delay
=== CONT  TestNew_AcceptsValidConfig/minimal
=== CONT  TestNew_RejectsInvalidConfig/BaseDelay_<_0
=== CONT  TestNew_RejectsInvalidConfig/MaxAttempts_negative
=== CONT  TestNew_RejectsInvalidConfig/MaxAttempts_==_0
--- PASS: TestNew_RejectsInvalidConfig (0.00s)
    --- PASS: TestNew_RejectsInvalidConfig/MaxAttempts_<_1 (0.00s)
    --- PASS: TestNew_RejectsInvalidConfig/BaseDelay_<_0 (0.00s)
    --- PASS: TestNew_RejectsInvalidConfig/MaxAttempts_negative (0.00s)
    --- PASS: TestNew_RejectsInvalidConfig/MaxAttempts_==_0 (0.00s)
=== CONT  TestNew_AcceptsValidConfig/zero_delay
=== CONT  TestNew_AcceptsValidConfig/normal
--- PASS: TestNew_AcceptsValidConfig (0.00s)
    --- PASS: TestNew_AcceptsValidConfig/minimal (0.00s)
    --- PASS: TestNew_AcceptsValidConfig/zero_delay (0.00s)
    --- PASS: TestNew_AcceptsValidConfig/normal (0.00s)
--- PASS: TestDo_ContextCancellationDuringSleeper (0.01s)
PASS
ok  	example.helios/retry	0.221s
