Everything passes. Here's what was delivered:

**`retry.go`** — Implementation matching the spec exactly:
- `Sleeper` interface (1 method: `Sleep(ctx, duration)`)
- `TransientError` struct with `Error()`/`Unwrap()` methods — `Error()` returns `"transient: <wrapped>"`, `Unwrap()` delegates to `Err`
- `Config` / `Dependencies` / `Retrier` with `New(config, deps)` and `Do(ctx, operation)`
- `New` validates `MaxAttempts >= 1`, `BaseDelay >= 0`, defaults nil `Sleeper` to a real `clockSleeper` (uses `time.NewTimer` + `ctx.Done()` select)
- `Do` implements: immediate return on success; immediate return with `errors.Is` match on non-retryable; `RetryAfter`-preferred sleep before retry with exponential backoff otherwise; sleeper error propagation; last error `errors.Is` match on exhaustion
- Uses `errors.AsType[*TransientError]` (Go 1.26) for typed error extraction

**`retry_test.go`** — 11 behavioral tests covering:
- New validation (3 sub-cases)
- Accept/valid config and nil sleeper defaulting
- Immediate success (1 call, no sleep)
- Retry then success (3 calls, exponential backoff 10ms → 20ms)
- All retries exhausted (2 sleeps, last error matches via `errors.Is`)
- Non-retryable error (0 sleeps, immediate return)
- RetryAfter overrides backoff
- Sleeper failure stops retries
- Context pre-cancelled (operation never runs)
- Context cancellation mid-sleep (blocks until cancel, returns `context.Canceled`)
- Wrapped `*TransientError` deep in error tree recognized as retryable
