=== RUN   TestNew_InvalidCapacity
=== RUN   TestNew_InvalidCapacity/zero
=== RUN   TestNew_InvalidCapacity/negative
--- PASS: TestNew_InvalidCapacity (0.00s)
    --- PASS: TestNew_InvalidCapacity/zero (0.00s)
    --- PASS: TestNew_InvalidCapacity/negative (0.00s)
=== RUN   TestNew_InvalidRefillRate
--- PASS: TestNew_InvalidRefillRate (0.00s)
=== RUN   TestNew_NilClockDefaults
--- PASS: TestNew_NilClockDefaults (0.00s)
=== RUN   TestAllow_InvalidTokens
--- PASS: TestAllow_InvalidTokens (0.00s)
=== RUN   TestAllow_CancelledContext
--- PASS: TestAllow_CancelledContext (0.00s)
=== RUN   TestAllow_DeadlineExceededContext
--- PASS: TestAllow_DeadlineExceededContext (0.00s)
=== RUN   TestAllow_FullBucket
--- PASS: TestAllow_FullBucket (0.00s)
=== RUN   TestAllow_ExceedsCapacity
--- PASS: TestAllow_ExceedsCapacity (0.00s)
=== RUN   TestAllow_Refill
--- PASS: TestAllow_Refill (0.00s)
=== RUN   TestAllow_FractionalRefill
--- PASS: TestAllow_FractionalRefill (0.00s)
=== RUN   TestAllow_CapsAtCapacity
--- PASS: TestAllow_CapsAtCapacity (0.00s)
=== RUN   TestAllow_ZeroRefillRate
--- PASS: TestAllow_ZeroRefillRate (0.00s)
=== RUN   TestAllow_ConcurrentSafe
--- PASS: TestAllow_ConcurrentSafe (0.00s)
=== RUN   TestAllow_AccumulatesMultipleCalls
--- PASS: TestAllow_AccumulatesMultipleCalls (0.00s)
PASS
ok  	example.helios/ratelimiter	0.217s
