=== RUN   TestNew_InvalidMaxAttempts
--- PASS: TestNew_InvalidMaxAttempts (0.00s)
=== RUN   TestNew_InvalidBaseDelay
--- PASS: TestNew_InvalidBaseDelay (0.00s)
=== RUN   TestNew_DefaultSleeper
--- PASS: TestNew_DefaultSleeper (0.00s)
=== RUN   TestNew_Valid
--- PASS: TestNew_Valid (0.00s)
=== RUN   TestDo_ImmediateSuccess
--- PASS: TestDo_ImmediateSuccess (0.00s)
=== RUN   TestDo_SuccessAfterRetry
--- PASS: TestDo_SuccessAfterRetry (0.00s)
=== RUN   TestDo_NonRetryableError
--- PASS: TestDo_NonRetryableError (0.00s)
=== RUN   TestDo_WrappedTransientError
--- PASS: TestDo_WrappedTransientError (0.00s)
=== RUN   TestDo_ExhaustAttempts
--- PASS: TestDo_ExhaustAttempts (0.00s)
=== RUN   TestDo_RetryAfterOverride
--- PASS: TestDo_RetryAfterOverride (0.00s)
=== RUN   TestDo_SleeperError
--- PASS: TestDo_SleeperError (0.00s)
=== RUN   TestDo_ExponentialBackoff
--- PASS: TestDo_ExponentialBackoff (0.00s)
=== RUN   TestDo_SingleAttempt
--- PASS: TestDo_SingleAttempt (0.00s)
=== RUN   TestDo_ZeroBaseDelay
--- PASS: TestDo_ZeroBaseDelay (0.00s)
=== RUN   TestTransientError_ErrorContainsWrapped
--- PASS: TestTransientError_ErrorContainsWrapped (0.00s)
=== RUN   TestTransientError_Unwrap
--- PASS: TestTransientError_Unwrap (0.00s)
=== RUN   TestDefaultSleeper_ContextCancelled
--- PASS: TestDefaultSleeper_ContextCancelled (0.00s)
=== RUN   TestDefaultSleeper_HonoursTimeout
--- PASS: TestDefaultSleeper_HonoursTimeout (0.00s)
PASS
ok  	example.helios/retry	0.266s
