=== RUN   TestNewWithInvalidCapacity
--- PASS: TestNewWithInvalidCapacity (0.00s)
=== RUN   TestNewWithValidCapacity
--- PASS: TestNewWithValidCapacity (0.00s)
=== RUN   TestGetOnEmpty
--- PASS: TestGetOnEmpty (0.00s)
=== RUN   TestPutAndGet
--- PASS: TestPutAndGet (0.00s)
=== RUN   TestPutUpdatesExisting
--- PASS: TestPutUpdatesExisting (0.00s)
=== RUN   TestEviction
--- PASS: TestEviction (0.00s)
=== RUN   TestEvictionUpdatesKey
--- PASS: TestEvictionUpdatesKey (0.00s)
=== RUN   TestLen
--- PASS: TestLen (0.00s)
=== RUN   TestConcurrency
--- PASS: TestConcurrency (0.00s)
goos: darwin
goarch: arm64
pkg: example.helios/cache
cpu: Apple M5
BenchmarkGet
BenchmarkGet-10    	 2403519	       517.0 ns/op
BenchmarkPut
BenchmarkPut-10    	 1587195	       769.4 ns/op
PASS
ok  	example.helios/cache	4.955s
