=== RUN   TestProcessConcurrencyBelowOne
--- PASS: TestProcessConcurrencyBelowOne (0.00s)
=== RUN   TestProcessEmptyInputs
--- PASS: TestProcessEmptyInputs (0.00s)
=== RUN   TestProcessAllSucceed
--- PASS: TestProcessAllSucceed (0.00s)
=== RUN   TestProcessPreservesOrder
--- PASS: TestProcessPreservesOrder (0.00s)
=== RUN   TestProcessRespectsConcurrencyLimit
--- PASS: TestProcessRespectsConcurrencyLimit (0.01s)
=== RUN   TestProcessPartialFailures
--- PASS: TestProcessPartialFailures (0.00s)
=== RUN   TestProcessAllFail
    fetchall_test.go:205: errors.Is does not find fail:x
    fetchall_test.go:205: errors.Is does not find fail:y
    fetchall_test.go:205: errors.Is does not find fail:z
--- FAIL: TestProcessAllFail (0.00s)
=== RUN   TestProcessContextCancellation
--- PASS: TestProcessContextCancellation (0.00s)
=== RUN   TestProcessContextPropagated
--- PASS: TestProcessContextPropagated (0.00s)
=== RUN   TestProcessConcurrentSafe
--- PASS: TestProcessConcurrentSafe (0.00s)
=== RUN   TestProcessSingleInput
--- PASS: TestProcessSingleInput (0.00s)
=== RUN   TestProcessConcurrencyEqualsInputs
--- PASS: TestProcessConcurrencyEqualsInputs (0.00s)
FAIL
FAIL	example.helios/fetchall	0.217s
FAIL
