=== RUN   TestNew_NoHandlers
--- PASS: TestNew_NoHandlers (0.00s)
=== RUN   TestNew_SingleHandler
--- PASS: TestNew_SingleHandler (0.00s)
=== RUN   TestNew_MultipleHandlers
--- PASS: TestNew_MultipleHandlers (0.00s)
=== RUN   TestNew_MultipleLevels
--- PASS: TestNew_MultipleLevels (0.00s)
=== RUN   TestNew_WithAttrs
--- PASS: TestNew_WithAttrs (0.00s)
=== RUN   TestNew_ErrorPreservesOtherHandlers
--- PASS: TestNew_ErrorPreservesOtherHandlers (0.00s)
=== RUN   TestNew_WithGroup
    fan_test.go:279: expected group 'req'
--- FAIL: TestNew_WithGroup (0.00s)
=== RUN   TestNew_RingImplementsSlogHandler
--- PASS: TestNew_RingImplementsSlogHandler (0.00s)
=== RUN   TestNewRing_InvalidCapacity
=== RUN   TestNewRing_InvalidCapacity/zero
=== RUN   TestNewRing_InvalidCapacity/negative
=== RUN   TestNewRing_InvalidCapacity/negative_large
--- PASS: TestNewRing_InvalidCapacity (0.00s)
    --- PASS: TestNewRing_InvalidCapacity/zero (0.00s)
    --- PASS: TestNewRing_InvalidCapacity/negative (0.00s)
    --- PASS: TestNewRing_InvalidCapacity/negative_large (0.00s)
=== RUN   TestNewRing_ValidCapacity
--- PASS: TestNewRing_ValidCapacity (0.00s)
=== RUN   TestRing_Basic
--- PASS: TestRing_Basic (0.00s)
=== RUN   TestRing_EvictsOldest
--- PASS: TestRing_EvictsOldest (0.00s)
=== RUN   TestRing_RecordsReturnsCopy
--- PASS: TestRing_RecordsReturnsCopy (0.00s)
=== RUN   TestRing_EnabledAlwaysTrue
--- PASS: TestRing_EnabledAlwaysTrue (0.00s)
=== RUN   TestRing_WithAttrs
--- PASS: TestRing_WithAttrs (0.00s)
=== RUN   TestRing_WithGroup
    ring_test.go:226: expected group 'g' to wrap record attrs
--- FAIL: TestRing_WithGroup (0.00s)
=== RUN   TestRing_WithAttrsThenGroup
    ring_test.go:266: expected top-level attr 'top'
--- FAIL: TestRing_WithAttrsThenGroup (0.00s)
=== RUN   TestRing_ConcurrentSafe
--- PASS: TestRing_ConcurrentSafe (0.00s)
=== RUN   TestRing_ChainWithGroupThenAttrs
    ring_test.go:346: expected group 'g'
--- FAIL: TestRing_ChainWithGroupThenAttrs (0.00s)
=== RUN   TestRing_WithAttrsChained
    ring_test.go:393: expected attr 'a'
--- FAIL: TestRing_WithAttrsChained (0.00s)
FAIL
FAIL	example.helios/logfan	0.306s
FAIL
