=== RUN   TestDebug
records: 1
message: msg
total attrs: 0

slog.Group('g'): key=g kind=8
  group len: 0
record test2 has 0 attrs
--- PASS: TestDebug (0.00s)
=== RUN   TestNew_NoHandlers
--- PASS: TestNew_NoHandlers (0.00s)
=== RUN   TestNew_SingleHandler
--- PASS: TestNew_SingleHandler (0.00s)
=== RUN   TestNew_MultipleHandlers
--- PASS: TestNew_MultipleHandlers (0.00s)
=== RUN   TestNew_MultipleLevels
--- PASS: TestNew_MultipleLevels (0.00s)
=== RUN   TestNew_WithAttrs
--- PASS: TestNew_WithAttrs (0.00s)
=== RUN   TestNew_ErrorPreservesOtherHandlers
--- PASS: TestNew_ErrorPreservesOtherHandlers (0.00s)
=== RUN   TestNew_WithGroup
--- PASS: TestNew_WithGroup (0.00s)
=== RUN   TestNew_RingImplementsSlogHandler
--- PASS: TestNew_RingImplementsSlogHandler (0.00s)
=== RUN   TestNewRing_InvalidCapacity
=== RUN   TestNewRing_InvalidCapacity/zero
=== RUN   TestNewRing_InvalidCapacity/negative
=== RUN   TestNewRing_InvalidCapacity/negative_large
--- PASS: TestNewRing_InvalidCapacity (0.00s)
    --- PASS: TestNewRing_InvalidCapacity/zero (0.00s)
    --- PASS: TestNewRing_InvalidCapacity/negative (0.00s)
    --- PASS: TestNewRing_InvalidCapacity/negative_large (0.00s)
=== RUN   TestNewRing_ValidCapacity
--- PASS: TestNewRing_ValidCapacity (0.00s)
=== RUN   TestRing_Basic
--- PASS: TestRing_Basic (0.00s)
=== RUN   TestRing_EvictsOldest
--- PASS: TestRing_EvictsOldest (0.00s)
=== RUN   TestRing_RecordsReturnsCopy
--- PASS: TestRing_RecordsReturnsCopy (0.00s)
=== RUN   TestRing_EnabledAlwaysTrue
--- PASS: TestRing_EnabledAlwaysTrue (0.00s)
=== RUN   TestRing_WithAttrs
--- PASS: TestRing_WithAttrs (0.00s)
=== RUN   TestRing_WithGroup
    ring_test.go:226: expected group 'g' to wrap record attrs
--- FAIL: TestRing_WithGroup (0.00s)
=== RUN   TestRing_WithAttrsThenGroup
--- PASS: TestRing_WithAttrsThenGroup (0.00s)
=== RUN   TestRing_ConcurrentSafe
--- PASS: TestRing_ConcurrentSafe (0.00s)
=== RUN   TestRing_ChainWithGroupThenAttrs
--- PASS: TestRing_ChainWithGroupThenAttrs (0.00s)
=== RUN   TestRing_WithAttrsChained
--- PASS: TestRing_WithAttrsChained (0.00s)
FAIL
FAIL	example.helios/logfan	0.296s
FAIL
