=== RUN   TestNewValid
--- PASS: TestNewValid (0.00s)
=== RUN   TestNewNilClock
--- PASS: TestNewNilClock (0.00s)
=== RUN   TestNewInvalidCapacity
--- PASS: TestNewInvalidCapacity (0.00s)
=== RUN   TestNewInvalidRefillRate
--- PASS: TestNewInvalidRefillRate (0.00s)
=== RUN   TestAllowInvalidTokens
--- PASS: TestAllowInvalidTokens (0.00s)
=== RUN   TestAllowCancelledContext
--- PASS: TestAllowCancelledContext (0.00s)
=== RUN   TestAllowStartsFull
--- PASS: TestAllowStartsFull (0.00s)
=== RUN   TestAllowNotEnoughTokens
--- PASS: TestAllowNotEnoughTokens (0.00s)
=== RUN   TestAllowRefill
--- PASS: TestAllowRefill (0.00s)
=== RUN   TestAllowCapsAtCapacity
--- PASS: TestAllowCapsAtCapacity (0.00s)
=== RUN   TestAllowFractionalAccumulation
--- PASS: TestAllowFractionalAccumulation (0.00s)
=== RUN   TestAllowConcurrent
--- PASS: TestAllowConcurrent (0.00s)
PASS
ok  	example.helios/ratelimiter	0.216s
