=== RUN   TestNewRing_InvalidCapacity
--- PASS: TestNewRing_InvalidCapacity (0.00s)
=== RUN   TestNewRing_ValidCapacity
--- PASS: TestNewRing_ValidCapacity (0.00s)
=== RUN   TestRing_RecordsEmpty
--- PASS: TestRing_RecordsEmpty (0.00s)
=== RUN   TestRing_HandleAndRetrieve
--- PASS: TestRing_HandleAndRetrieve (0.00s)
=== RUN   TestRing_Eviction
--- PASS: TestRing_Eviction (0.00s)
=== RUN   TestRing_RecordsCopyIndependence
--- PASS: TestRing_RecordsCopyIndependence (0.00s)
=== RUN   TestRing_WithAttrs
--- PASS: TestRing_WithAttrs (0.00s)
=== RUN   TestRing_WithGroup
--- PASS: TestRing_WithGroup (0.00s)
=== RUN   TestRing_Enabled
--- PASS: TestRing_Enabled (0.00s)
=== RUN   TestRing_ConcurrentSafety
--- PASS: TestRing_ConcurrentSafety (0.00s)
=== RUN   TestNew_NoHandlers
--- PASS: TestNew_NoHandlers (0.00s)
=== RUN   TestNew_SingleHandler
--- PASS: TestNew_SingleHandler (0.00s)
=== RUN   TestNew_MultipleHandlers
--- PASS: TestNew_MultipleHandlers (0.00s)
PASS
ok  	example.helios/logfan	0.214s
