All five tasks complete. Here's what was delivered:

**`ratelimiter.go`** — implementation matching the spec exactly:
- `Clock` interface, `Config`, `Dependencies`, `New`, `Allow` as specified
- `New`: validates `Capacity ≤ 0` or `RefillPerSecond < 0`; defaults nil `Clock` to `systemClock`; bucket starts full
- `Allow`: validates `tokens ≤ 0`; checks context cancellation early (returns `false` + wrapped `ctx.Err()` via `%w` for `errors.Is`); refills by elapsed time with fractional accumulation capped at capacity; consumes on sufficient tokens, returns `false` otherwise
- `sync.Mutex` for concurrent safety

**`ratelimiter_test.go`** — 14 test cases covering:
| Test | What it asserts |
|---|---|
| `TestNew_InvalidCapacity` | zero/negative capacity → error |
| `TestNew_InvalidRefillRate` | negative refill rate → error |
| `TestNew_NilClockDefaults` | nil Clock field defaults to system clock |
| `TestAllow_InvalidTokens` | zero/negative tokens → error |
| `TestAllow_CancelledContext` | cancelled context → false + `errors.Is(ctx.Canceled)` |
| `TestAllow_DeadlineExceededContext` | expired deadline → false + `errors.Is(ctx.DeadlineExceeded)` |
| `TestAllow_FullBucket` | full bucket allows exactly `Capacity` consumptions |
| `TestAllow_ExceedsCapacity` | request > capacity → false (no partial consumption) |
| `TestAllow_Refill` | time advance refills proportionally |
| `TestAllow_FractionalRefill` | fractional `RefillPerSecond` accumulates correctly |
| `TestAllow_CapsAtCapacity` | overflow refill caps at `Capacity` |
| `TestAllow_ZeroRefillRate` | `RefillPerSecond = 0` never refills |
| `TestAllow_ConcurrentSafe` | 50 goroutines race without data race or panic |
| `TestAllow_AccumulatesMultipleCalls` | refill time accumulates across non-consecutive calls |

`go build ./...`, `go vet ./...`, `go test ./...` — all pass, zero third-party dependencies.
