=== RUN   TestProcess_ConcurrencyTooLow
--- PASS: TestProcess_ConcurrencyTooLow (0.00s)
=== RUN   TestProcess_ConcurrencyNegative
--- PASS: TestProcess_ConcurrencyNegative (0.00s)
=== RUN   TestProcess_EmptyInputs
--- PASS: TestProcess_EmptyInputs (0.00s)
=== RUN   TestProcess_EmptySlice
--- PASS: TestProcess_EmptySlice (0.00s)
=== RUN   TestProcess_AllSucceed
--- PASS: TestProcess_AllSucceed (0.00s)
=== RUN   TestProcess_OrderingPreserved
--- PASS: TestProcess_OrderingPreserved (0.05s)
=== RUN   TestProcess_ConcurrencyLimit
    fetchall_test.go:132: unexpected error: context deadline exceeded
        context deadline exceeded
        context deadline exceeded
--- FAIL: TestProcess_ConcurrencyLimit (5.00s)
=== RUN   TestProcess_PartialFailures
--- PASS: TestProcess_PartialFailures (0.00s)
=== RUN   TestProcess_AllFail
--- PASS: TestProcess_AllFail (0.00s)
=== RUN   TestProcess_ErrorsReachableByIs
--- PASS: TestProcess_ErrorsReachableByIs (0.00s)
=== RUN   TestProcess_ErrorsReachableByAsType
--- PASS: TestProcess_ErrorsReachableByAsType (0.00s)
=== RUN   TestProcess_ContextCancellation
--- PASS: TestProcess_ContextCancellation (0.00s)
=== RUN   TestProcess_ContextCancellationDuringWork
--- PASS: TestProcess_ContextCancellationDuringWork (0.00s)
FAIL
panic: sync: negative WaitGroup counter

goroutine 76 [running]:
sync.(*WaitGroup).Add(0x27152a020140, 0xffffffffffffffff)
	/opt/homebrew/Cellar/go/1.26.4/libexec/src/sync/waitgroup.go:118 +0x264
sync.(*WaitGroup).Done(...)
	/opt/homebrew/Cellar/go/1.26.4/libexec/src/sync/waitgroup.go:156
example.helios/fetchall.TestProcess_ContextCancellationDuringWork.func1.1({0x102473bf0, 0x27152a032230}, {0x1023228e0?, 0x1?})
	/Users/mateo/helios/poc/knowledge/results/runs/monolithic/t5-fetchall/seed1/workspace/fetchall_test.go:258 +0x30
example.helios/fetchall.Process.func1()
	/Users/mateo/helios/poc/knowledge/results/runs/monolithic/t5-fetchall/seed1/workspace/fetchall.go:58 +0x104
created by example.helios/fetchall.Process in goroutine 75
	/Users/mateo/helios/poc/knowledge/results/runs/monolithic/t5-fetchall/seed1/workspace/fetchall.go:47 +0x130
FAIL	example.helios/fetchall	5.346s
FAIL
