Done. Three files changed:

- **`retry.go`** — implementation of `Sleeper` interface, `TransientError`, `Config`, `Dependencies`, `Retrier` with `New`/`Do`:
  - Validates `MaxAttempts >= 1` and `BaseDelay >= 0`; nil `Sleeper` defaults to a real clock-based sleeper that respects context cancellation
  - `Do` calls operation up to `MaxAttempts`, retrying only when `*TransientError` is in the error tree (via `errors.AsType` for Go 1.26 compat)
  - Non-retryable errors returned immediately
  - Delay: `RetryAfter > 0` taken from transient error, else exponential backoff (`BaseDelay * 2^attempt`)
  - Sleeper error (context cancellation) causes immediate return
  - Last attempt failure returned and matches via `errors.Is`

- **`retry_test.go`** — 17 tests + 1 benchmark covering:
  - `New` validation (MaxAttempts < 1, BaseDelay < 0)
  - Default sleeper wiring
  - Success on first attempt, no sleep
  - Non-retryable returned immediately with `errors.Is` match
  - Transient retry succeeds on 3rd attempt
  - All attempts exhausted returns last error via `errors.Is`
  - Exponential backoff progression
  - `RetryAfter` override
  - Sleeper error stops retry
  - Context cancellation during sleep
  - Wrapped `*TransientError` at any depth
  - Zero `BaseDelay`
  - `RetryAfter: 0` falls back to backoff
  - Default sleeper respects cancellation
  - Wrapped non-retryable `errors.Is`
  - No data races

- `go build ./...`, `go vet ./...`, `bash ./check.sh`, and `go test -race ./...` all pass clean.
