=== RUN   TestNew_ValidConfig
--- PASS: TestNew_ValidConfig (0.00s)
=== RUN   TestNew_CapacityMustBePositive
--- PASS: TestNew_CapacityMustBePositive (0.00s)
=== RUN   TestNew_RefillRateMustBeNonNegative
--- PASS: TestNew_RefillRateMustBeNonNegative (0.00s)
=== RUN   TestNew_ZeroRefillRateAllowed
--- PASS: TestNew_ZeroRefillRateAllowed (0.00s)
=== RUN   TestAllow_TokensMustBePositive
--- PASS: TestAllow_TokensMustBePositive (0.00s)
=== RUN   TestAllow_CancelledContext
--- PASS: TestAllow_CancelledContext (0.00s)
=== RUN   TestAllow_ConsumeTokens
--- PASS: TestAllow_ConsumeTokens (0.00s)
=== RUN   TestAllow_RefillOverTime
--- PASS: TestAllow_RefillOverTime (0.00s)
=== RUN   TestAllow_FractionalAccumulation
--- PASS: TestAllow_FractionalAccumulation (0.00s)
=== RUN   TestAllow_CappedAtCapacity
--- PASS: TestAllow_CappedAtCapacity (0.00s)
=== RUN   TestAllow_NoRefillWhenZeroRate
--- PASS: TestAllow_NoRefillWhenZeroRate (0.00s)
=== RUN   TestAllow_BucketStartsFull
--- PASS: TestAllow_BucketStartsFull (0.00s)
=== RUN   TestAllow_ConcurrentAccess
--- PASS: TestAllow_ConcurrentAccess (0.00s)
=== RUN   TestNilClockUsesSystemClock
--- PASS: TestNilClockUsesSystemClock (0.00s)
=== RUN   TestAllow_NoSideEffectOnDeny
--- PASS: TestAllow_NoSideEffectOnDeny (0.00s)
=== RUN   TestAllow_DeadlineExceededContext
--- PASS: TestAllow_DeadlineExceededContext (0.00s)
PASS
ok  	example.helios/ratelimiter	0.262s
