=== RUN   TestLoadDefaults
--- PASS: TestLoadDefaults (0.00s)
=== RUN   TestLoadPort
--- PASS: TestLoadPort (0.00s)
=== RUN   TestLoadName
--- PASS: TestLoadName (0.00s)
=== RUN   TestLoadDebug
--- PASS: TestLoadDebug (0.00s)
=== RUN   TestLoadAll
--- PASS: TestLoadAll (0.00s)
=== RUN   TestLoadPortOutOfRangeLow
--- PASS: TestLoadPortOutOfRangeLow (0.00s)
=== RUN   TestLoadPortOutOfRangeHigh
--- PASS: TestLoadPortOutOfRangeHigh (0.00s)
=== RUN   TestLoadPortNotAnInt
--- PASS: TestLoadPortNotAnInt (0.00s)
=== RUN   TestLoadEmptyName
--- PASS: TestLoadEmptyName (0.00s)
=== RUN   TestLoadDebugParseError
--- PASS: TestLoadDebugParseError (0.00s)
=== RUN   TestLoadPortPreservesNumError
--- PASS: TestLoadPortPreservesNumError (0.00s)
PASS
ok  	example.helios/configuration	0.232s
?   	example.helios/configuration/cmd/configprint	[no test files]
