All tasks complete.

**Delivered:**

- `ratelimiter.go` — token-bucket rate limiter with the exact exported API from the spec
- `ratelimiter_test.go` — 13 test cases covering the full contract

**Implementation details:**
- `New` validates `Capacity > 0` and `RefillPerSecond >= 0`, defaults nil clock to `time.Now`
- Bucket starts full (`Capacity` tokens tracked as `float64` for fractional accumulation)
- `Allow` checks `tokens > 0`, context cancellation (wraps `ctx.Err()` via `%w`), then refills and consumes under a `sync.Mutex`
- Refill computes `elapsed * rate`, caps at `Capacity`

**Test coverage:**
| Test | What it checks |
|---|---|
| `TestNewValidation` | Errors on `Capacity <= 0`, `RefillPerSecond < 0` |
| `TestNewValid` | Happy-path constructor |
| `TestAllowInvalidTokens` | `tokens <= 0` → error |
| `TestAllowCancelledContext` | Cancelled ctx → `false` + wrapped `context.Canceled` |
| `TestAllowRespectsDeadline` | Expired deadline → `false` + wrapped `context.DeadlineExceeded` |
| `TestAllowFullBucket` | Initial allowance of `Capacity` tokens |
| `TestAllowExceedsCapacity` | Requesting > `Capacity` → `false` |
| `TestAllowConsumeThenExhaust` | Partial consumption then exhaustion |
| `TestRefillOverTime` | Deterministic refill with mock clock |
| `TestRefillCappedAtCapacity` | Refill doesn't exceed capacity |
| `TestFractionalAccumulation` | Sub-second accumulation accumulates fractionally |
| `TestZeroRefillRate` | No refill after consumption |
| `TestConcurrentSafety` | 100 goroutines × 10 calls under `-race` |
| `TestUsesSystemClockWhenNil` | Nil clock defaults to system clock |

`go build ./...`, `go vet ./...`, `go test -race ./...` — all pass cleanly.
