Done. Here's what was delivered:

**`fetchall.go`** — Worker pool implementation:
- Validates `concurrency < 1` → error
- Empty inputs → `(nil, nil)`
- Spawns `min(concurrency, len(inputs))` worker goroutines feeding from a buffered job channel
- Each worker calls `operation(ctx, input)`; results and errors collected concurrently
- Successful results sorted by `Index` ascending
- Errors aggregated via `errors.Join(...)` — each individual failure wrapped with `%w`, reachable via `errors.Is`/`errors.As`

**`fetchall_test.go`** — 12 tests covering:
- `concurrency < 1` validation (0 and negative)
- Empty inputs (nil and `[]string{}`)
- All succeed with correct output and ordering
- Order preservation
- Peak concurrency bounded (atomic tracking with sleep to amplify overlap)
- Partial failures — successes present, all failures reachable via `errors.Is`/`errors.As` (custom sentinel type)
- All failures — nil results, all failures reachable
- Context cancellation propagation
- Context value propagation
- Race-free concurrent access (`-race` clean)
- Single-input edge case
- Concurrency equal to number of inputs
