=== RUN   TestNew_ValidConfig
--- PASS: TestNew_ValidConfig (0.00s)
=== RUN   TestNew_MaxAttemptsBelowOne
--- PASS: TestNew_MaxAttemptsBelowOne (0.00s)
=== RUN   TestNew_BaseDelayNegative
--- PASS: TestNew_BaseDelayNegative (0.00s)
=== RUN   TestNew_NilSleeperDefaults
--- PASS: TestNew_NilSleeperDefaults (0.00s)
=== RUN   TestDo_SuccessFirstAttempt
--- PASS: TestDo_SuccessFirstAttempt (0.00s)
=== RUN   TestDo_SuccessAfterRetries
--- PASS: TestDo_SuccessAfterRetries (0.00s)
=== RUN   TestDo_NonRetryableErrorReturnedImmediately
--- PASS: TestDo_NonRetryableErrorReturnedImmediately (0.00s)
=== RUN   TestDo_PlainErrorNotRetried
--- PASS: TestDo_PlainErrorNotRetried (0.00s)
=== RUN   TestDo_AllAttemptsExhausted
--- PASS: TestDo_AllAttemptsExhausted (0.00s)
=== RUN   TestDo_MaxAttemptsOne
--- PASS: TestDo_MaxAttemptsOne (0.00s)
=== RUN   TestDo_ContextCancelled
--- PASS: TestDo_ContextCancelled (0.00s)
=== RUN   TestDo_SleeperReturnsError
--- PASS: TestDo_SleeperReturnsError (0.00s)
=== RUN   TestDo_RetryAfterOverride
--- PASS: TestDo_RetryAfterOverride (0.00s)
=== RUN   TestDo_ExponentialBackoff
--- PASS: TestDo_ExponentialBackoff (0.00s)
=== RUN   TestDo_TransientErrorWrappedAtDepth
--- PASS: TestDo_TransientErrorWrappedAtDepth (0.00s)
=== RUN   TestDo_BaseDelayZero
--- PASS: TestDo_BaseDelayZero (0.00s)
PASS
ok  	example.helios/retry	0.222s
